// Jest Snapshot v1, https://goo.gl/fbAQLP

exports[`Should render expense list item component with an expense 1`] = `
<Link
  className="list-item"
  replace={false}
  to="/edit/1"
>
  <div>
    <h3
      className="list-item__title"
    >
      Bill
    </h3>
    <span
      className="list-item__sub-title"
    >
      1st Jan 1970
    </span>
  </div>
  <h3
    className="list-item__data"
  >
    Rs. 
    1.00
     
  </h3>
</Link>
`;
